[backblue.gif]
[fade.gif]
[index.html]
[avo.smartinnovates.com/demo5/wp-content/uploads/sites/12/2020/10/cropped-Favicon-32x32.png]
[avo.smartinnovates.com/demo5/wp-content/uploads/sites/12/2020/10/cropped-Favicon-192x192.png]
[avo.smartinnovates.com/demo5/wp-content/uploads/sites/12/2020/10/cropped-Favicon-180x180.png]
[avo.smartinnovates.com/demo5/wp-content/themes/avo/images/logo-white.png]
[avo.smartinnovates.com/demo5/home5-light/index.html]
[avo.smartinnovates.com/demo5/wp-includes/css/dist/block-library/style.min5697.css]
[avo.smartinnovates.com/demo5/wp-content/plugins/woocommerce/packages/woocommerce-blocks/build/vendors-style324d.css]
[avo.smartinnovates.com/demo5/wp-content/uploads/sites/12/2020/08/01-1.jpg]
[avo.smartinnovates.com/demo5/wp-content/themes/avo/images/logo.png]
[avo.smartinnovates.com/demo5/wp-content/uploads/sites/12/2020/08/04.jpg]
[avo.smartinnovates.com/demo5/wp-content/plugins/woocommerce/packages/woocommerce-blocks/build/style324d.css]
[avo.smartinnovates.com/demo5/wp-content/uploads/sites/12/2020/08/05.jpg]
[avo.smartinnovates.com/demo3/wp-content/uploads/sites/2/2020/08/1-4.jpg]
[avo.smartinnovates.com/demo3/wp-content/uploads/sites/2/2020/08/3-1.jpg]
[avo.smartinnovates.com/demo5/wp-content/uploads/sites/12/2020/08/03-1.jpg]
[avo.smartinnovates.com/demo3/wp-content/uploads/sites/2/2020/08/2-1.jpg]
[avo.smartinnovates.com/demo5/wp-content/uploads/sites/12/2020/08/6.jpg]
[avo.smartinnovates.com/demo5/wp-content/uploads/sites/12/2020/08/3-2.jpg]
[avo.smartinnovates.com/demo5/wp-content/uploads/sites/12/2020/08/2-2.jpg]
[avo.smartinnovates.com/wp-content/uploads/2020/08/01.png]
[avo.smartinnovates.com/demo2/wp-content/uploads/sites/3/2020/09/1.png]
[avo.smartinnovates.com/wp-content/uploads/2020/08/02.png]
[avo.smartinnovates.com/demo2/wp-content/uploads/sites/3/2020/09/2.png]
[avo.smartinnovates.com/wp-content/uploads/2020/08/03.png]
[avo.smartinnovates.com/demo5/wp-content/plugins/revslider/public/assets/css/rs6dbb0.css]
[avo.smartinnovates.com/demo2/wp-content/uploads/sites/3/2020/09/3.png]
[avo.smartinnovates.com/demo5/wp-content/plugins/woocommerce/assets/css/woocommerce-layout8686.css]
[avo.smartinnovates.com/wp-content/uploads/2020/08/04.png]
[avo.smartinnovates.com/demo2/wp-content/uploads/sites/3/2020/09/4.png]
[avo.smartinnovates.com/wp-content/uploads/2020/08/05.png]
[avo.smartinnovates.com/demo2/wp-content/uploads/sites/3/2020/09/5.png]
[avo.smartinnovates.com/wp-content/uploads/2020/08/06.png]
[avo.smartinnovates.com/demo2/wp-content/uploads/sites/3/2020/09/6.png]
[avo.smartinnovates.com/wp-content/uploads/2020/08/07.png]
[avo.smartinnovates.com/demo2/wp-content/uploads/sites/3/2020/09/7.png]
[avo.smartinnovates.com/wp-content/uploads/2020/08/08.png]
[avo.smartinnovates.com/demo2/wp-content/uploads/sites/3/2020/09/8.png]
[avo.smartinnovates.com/demo5/wp-content/uploads/sites/12/elementor/thumbs/logo-ovg7volr9wor4ps1ssdsvz7h7fais7bhlu0hgkaz7s.png]
[avo.smartinnovates.com/demo5/wp-content/uploads/sites/12/2020/08/1.jpg]
[avo.smartinnovates.com/demo5/wp-content/uploads/sites/12/2020/08/1-150x150.jpg]
[avo.smartinnovates.com/demo5/wp-content/uploads/sites/12/2020/08/2-2-150x150.jpg]
[avo.smartinnovates.com/demo5/wp-content/uploads/sites/12/2020/08/3.jpg]
[avo.smartinnovates.com/demo5/wp-content/uploads/sites/12/2020/08/3-150x150.jpg]
[avo.smartinnovates.com/demo5/wp-content/plugins/woocommerce/assets/css/woocommerce-smallscreen8686.css]
[avo.smartinnovates.com/demo5/wp-content/plugins/woocommerce/assets/css/woocommerce8686.css]
[avo.smartinnovates.com/demo5/wp-content/plugins/avo_plugin/widgets/css/style8a54.css]
[avo.smartinnovates.com/demo5/wp-content/themes/avo/css/bootstrap.min68b3.css]
[avo.smartinnovates.com/demo5/wp-content/plugins/elementor/assets/lib/font-awesome/css/font-awesome.min1849.css]
[avo.smartinnovates.com/demo5/wp-content/themes/avo/css/fontawesome.min68b3.css]
[avo.smartinnovates.com/demo5/wp-content/themes/avo/css/icon-font.min68b3.css]
[avo.smartinnovates.com/demo5/wp-content/plugins/revslider/public/assets/assets/gridtile.png]
[avo.smartinnovates.com/demo5/wp-content/plugins/revslider/public/assets/assets/gridtile_white.png]
[avo.smartinnovates.com/demo5/wp-content/plugins/revslider/public/assets/assets/gridtile_3x3.png]
[avo.smartinnovates.com/demo5/wp-content/themes/avo/css/ionicons.min68b3.css]
[avo.smartinnovates.com/demo5/wp-content/plugins/revslider/public/assets/assets/gridtile_3x3_white.png]
[avo.smartinnovates.com/demo5/wp-content/themes/avo/css/magnific-popup68b3.css]
[avo.smartinnovates.com/demo5/wp-content/plugins/revslider/public/assets/assets/coloredbg.png]
[avo.smartinnovates.com/demo5/wp-content/plugins/revslider/public/assets/assets/loader.gif]
[avo.smartinnovates.com/demo5/wp-content/themes/avo/css/animate68b3.css]
[avo.smartinnovates.com/demo5/wp-content/themes/avo/css/magic68b3.css]
[avo.smartinnovates.com/demo5/wp-content/themes/avo/css/slick68b3.css]
[avo.smartinnovates.com/demo5/wp-content/themes/avo/css/jquery.fatNav68b3.css]
[avo.smartinnovates.com/demo5/wp-content/themes/avo/css/animate.headline68b3.css]
[avo.smartinnovates.com/demo5/wp-content/themes/avo/css/splitting68b3.css]
[avo.smartinnovates.com/demo5/wp-content/themes/avo/css/splitting-cells68b3.css]
[avo.smartinnovates.com/demo5/wp-content/themes/avo/style8a54.css]
[avo.smartinnovates.com/demo5/wp-content/plugins/elementor/assets/lib/eicons/css/elementor-icons.min74e5.css]
[avo.smartinnovates.com/demo5/wp-content/plugins/elementor/assets/lib/animations/animations.min8571.css]
[avo.smartinnovates.com/demo5/wp-content/plugins/elementor/assets/css/frontend-legacy.min8571.css]
[avo.smartinnovates.com/demo5/wp-content/plugins/elementor/assets/css/frontend.min8571.css]
[avo.smartinnovates.com/demo5/wp-content/uploads/sites/12/elementor/css/post-57014.css]
[avo.smartinnovates.com/demo5/wp-content/plugins/avo_plugin/assets/fonts/flaticon/flaticon.css]
[avo.smartinnovates.com/demo5/wp-content/plugins/avo_plugin/assets/fonts/peicon/pe-icon-7-stroke.css]
[avo.smartinnovates.com/demo5/wp-content/plugins/better-elementor-addons/assets/css/twentytwenty38be.css]
[avo.smartinnovates.com/demo5/wp-content/plugins/better-elementor-addons/assets/style38be.css]
[avo.smartinnovates.com/demo5/wp-content/plugins/elementor/assets/lib/font-awesome/css/all.min8571.css]
[avo.smartinnovates.com/demo5/wp-content/plugins/elementor/assets/lib/font-awesome/css/v4-shims.min8571.css]
[avo.smartinnovates.com/demo5/wp-content/uploads/sites/12/elementor/css/post-522b4c8.css]
[avo.smartinnovates.com/demo5/wp-content/plugins/elementor/assets/lib/font-awesome/css/fontawesome.minb683.css]
[avo.smartinnovates.com/demo5/wp-content/plugins/elementor/assets/lib/font-awesome/css/brands.minb683.css]
[avo.smartinnovates.com/demo5/wp-includes/js/jquery/jquery4a5f.js]
[avo.smartinnovates.com/demo5/wp-content/plugins/revslider/public/assets/js/rbtools.mindbb0.js]
[avo.smartinnovates.com/demo5/wp-content/uploads/sites/12/2020/09/3.jpg]
[avo.smartinnovates.com/demo5/wp-content/plugins/revslider/public/assets/js/rs6.mindbb0.js]
[avo.smartinnovates.com/demo4/wp-content/uploads/sites/11/2020/09/pattern.png]
[avo.smartinnovates.com/demo5/wp-content/uploads/sites/12/2020/09/freelancer.jpg]
[avo.smartinnovates.com/demo5/wp-content/themes/avo/js/modernizr5697.js]
[player.vimeo.com/api/player.js]
[avo.smartinnovates.com/demo5/wp-content/plugins/elementor/assets/lib/font-awesome/js/v4-shims.min8571.js]
[avo.smartinnovates.com/demo5/wp-content/uploads/sites/12/elementor/css/post-2865fef.css]
[avo.smartinnovates.com/demo5/wp-content/plugins/woocommerce/assets/js/jquery-blockui/jquery.blockUI.min44fd.js]
[avo.smartinnovates.com/demo5/wp-content/plugins/woocommerce/assets/js/frontend/add-to-cart.min8686.js]
[avo.smartinnovates.com/demo5/wp-content/plugins/woocommerce/assets/js/js-cookie/js.cookie.min6b25.js]
[avo.smartinnovates.com/demo5/wp-content/plugins/woocommerce/assets/js/frontend/woocommerce.min8686.js]
[avo.smartinnovates.com/demo5/wp-content/plugins/woocommerce/assets/js/frontend/cart-fragments.min8686.js]
[avo.smartinnovates.com/demo5/wp-content/themes/avo/js/bootstrap.min5697.js]
[avo.smartinnovates.com/demo5/wp-includes/js/jquery/ui/effect.mine899.js]
[avo.smartinnovates.com/demo5/wp-content/themes/avo/js/superfish5697.js]
[avo.smartinnovates.com/demo5/wp-content/themes/avo/js/pace.min5697.js]
[avo.smartinnovates.com/demo5/wp-content/themes/avo/js/jquery.fitvids5697.js]
[avo.smartinnovates.com/demo5/wp-content/themes/avo/js/jquery.magnific-popup.min5697.js]
[avo.smartinnovates.com/demo5/wp-content/themes/avo/js/jquery.sticky5697.js]
[avo.smartinnovates.com/demo5/wp-includes/js/imagesloaded.mineda1.js]
[avo.smartinnovates.com/demo5/wp-content/themes/avo/js/slick.min5697.js]
[avo.smartinnovates.com/demo5/wp-content/themes/avo/js/slick-animation5697.js]
[avo.smartinnovates.com/demo5/wp-content/themes/avo/js/ResizeSensor.min5697.js]
[avo.smartinnovates.com/demo5/wp-content/themes/avo/js/theia-sticky-sidebar.min5697.js]
[avo.smartinnovates.com/demo5/wp-content/themes/avo/js/svgembedder.min5697.js]
[avo.smartinnovates.com/demo5/wp-content/themes/avo/js/totop5697.js]
[avo.smartinnovates.com/demo5/wp-content/plugins/avo_plugin/widgets/js/animated.headline.js]
[avo.smartinnovates.com/demo5/wp-content/plugins/avo_plugin/widgets/js/splitting.min.js]
[avo.smartinnovates.com/demo5/wp-content/themes/avo/js/isotope.pkgd.min5697.js]
[avo.smartinnovates.com/demo5/wp-content/plugins/elementor/assets/lib/swiper/swiper.min48f5.js]
[avo.smartinnovates.com/demo5/home5-light/Popover requires tooltip.html]
[avo.smartinnovates.com/demo5/home5-light/Trident/index.html]
[avo.smartinnovates.com/demo5/wp-content/themes/avo/js/slider-swiper5697.js]
[avo.smartinnovates.com/demo5/home5-light/GET.html]
[avo.smartinnovates.com/demo5/home5-light/Edge/index.html]
[avo.smartinnovates.com/demo5/wp-content/plugins/avo_plugin/widgets/js/simpleParallax.min.js]
[avo.smartinnovates.com/demo5/home5-light/Firefox/index.html]
[avo.smartinnovates.com/demo5/home5-light/Gecko/index.html]
[avo.smartinnovates.com/demo5/wp-content/themes/avo/js/waypoints.min5697.js]
[avo.smartinnovates.com/demo5/wp-content/themes/avo/js/jquery.counterup.min5697.js]
[avo.smartinnovates.com/demo5/wp-content/themes/avo/js/jquery.knob5697.js]
[avo.smartinnovates.com/demo5/wp-content/themes/avo/js/wow.min5697.js]
[avo.smartinnovates.com/demo5/wp-content/themes/avo/js/jquery.appear5697.js]
[avo.smartinnovates.com/demo5/wp-content/themes/avo/js/scripts5697.js]
[avo.smartinnovates.com/demo5/home5-light/Version/index.html]
[avo.smartinnovates.com/demo5/wp-content/themes/avo/js/loader5697.js]
[avo.smartinnovates.com/demo5/wp-includes/js/wp-embed.min5697.js]
[avo.smartinnovates.com/demo5/wp-content/plugins/avo_plugin/widgets/js/swiper.min.js]
[avo.smartinnovates.com/demo5/wp-content/plugins/avo_plugin/widgets/js/wow.min.js]
[avo.smartinnovates.com/demo5/wp-content/plugins/avo_plugin/widgets/js/portfolio.js]
[avo.smartinnovates.com/demo5/wp-content/plugins/elementor/assets/lib/slick/slick.minc245.js]
[avo.smartinnovates.com/demo5/wp-content/plugins/avo_plugin/widgets/js/testimonial.js]
[avo.smartinnovates.com/demo5/wp-content/plugins/avo_plugin/widgets/js/post-list.js]
[avo.smartinnovates.com/demo5/wp-content/plugins/mailchimp-for-wp/assets/js/forms.mina288.js]
[avo.smartinnovates.com/demo5/home5-light/version/index-2.html]
[avo.smartinnovates.com/demo5/wp-content/plugins/elementor/assets/js/frontend-modules.min8571.js]
[avo.smartinnovates.com/demo5/home5-light/forms/forms.html]
[avo.smartinnovates.com/demo5/home5-light/forms/conditional-elements.html]
[avo.smartinnovates.com/demo5/wp-includes/js/jquery/ui/position.mine899.js]
[avo.smartinnovates.com/demo5/wp-content/plugins/elementor/assets/lib/dialog/dialog.mina288.js]
[avo.smartinnovates.com/demo5/wp-content/plugins/elementor/assets/lib/waypoints/waypoints.min05da.js]
[avo.smartinnovates.com/demo5/wp-content/plugins/elementor/assets/lib/share-link/share-link.min8571.js]
[avo.smartinnovates.com/demo5/wp-content/plugins/elementor/assets/js/frontend.min8571.js]
[avo.smartinnovates.com/demo5/wp-content/plugins/avo_plugin/assets/front/js/custom-scripts8a54.js]
[avo.smartinnovates.com/demo5/wp-content/plugins/revslider/public/assets/css/openhand.html]
[avo.smartinnovates.com/demo5/wp-content/plugins/revslider/public/assets/css/closedhand.html]
[avo.smartinnovates.com/demo5/home5-light/populate.html]
[avo.smartinnovates.com/demo5/home5-light/form.html]
[avo.smartinnovates.com/demo5/wp-content/plugins/avo_plugin/assets/fonts/flaticon/Flaticon.html]
[avo.smartinnovates.com/demo5/wp-content/plugins/avo_plugin/assets/fonts/flaticon/Flaticond41d.html]
[avo.smartinnovates.com/demo5/wp-content/plugins/avo_plugin/assets/fonts/flaticon/Flaticon-2.html]
[avo.smartinnovates.com/demo5/wp-content/plugins/avo_plugin/assets/fonts/flaticon/Flaticon-3.html]
[avo.smartinnovates.com/demo5/wp-content/plugins/avo_plugin/assets/fonts/flaticon/Flaticon-4.html]
[avo.smartinnovates.com/demo5/wp-content/plugins/avo_plugin/assets/fonts/flaticon/Flaticon.svg]
[avo.smartinnovates.com/demo5/wp-content/plugins/avo_plugin/assets/fonts/peicon/Pe-icon-7-strokebb1d.html]
[avo.smartinnovates.com/demo5/wp-content/plugins/avo_plugin/assets/fonts/peicon/Pe-icon-7-stroked41d.html]
[avo.smartinnovates.com/demo5/wp-content/plugins/avo_plugin/assets/fonts/peicon/Pe-icon-7-strokebb1d-2.html]
[avo.smartinnovates.com/demo5/wp-content/plugins/avo_plugin/assets/fonts/peicon/Pe-icon-7-strokebb1d-3.html]
[avo.smartinnovates.com/demo5/wp-content/plugins/avo_plugin/assets/fonts/peicon/Pe-icon-7-strokebb1d.svg]
[avo.smartinnovates.com/demo5/home5-light/images/transparent.html]
[avo.smartinnovates.com/demo5/home5-light/assets/transparent.html]
[avo.smartinnovates.com/demo5/home5-light/origin=https_/index.html]
[avo.smartinnovates.com/demo5/home5-light/Trident/index.html]
[avo.smartinnovates.com/demo5/home5-light/Popover requires tooltip.html]
[avo.smartinnovates.com/demo5/home5-light/GET.html]
[avo.smartinnovates.com/demo5/home5-light/Edge/index.html]
[avo.smartinnovates.com/demo5/home5-light/Gecko/index.html]
[avo.smartinnovates.com/demo5/home5-light/Firefox/index.html]
[avo.smartinnovates.com/demo5/home5-light/Version/index.html]
[avo.smartinnovates.com/demo5/home5-light/version/index-2.html]
[avo.smartinnovates.com/demo5/home5-light/img/logo-light.html]
[avo.smartinnovates.com/demo5/home5-light/img/logo-dark.html]
[avo.smartinnovates.com/demo5/home5-light/forms/forms.html]
[avo.smartinnovates.com/demo5/home5-light/forms/conditional-elements.html]
[avo.smartinnovates.com/demo5/home5-light/populate.html]
[avo.smartinnovates.com/demo5/home5-light/form.html]
[avo.smartinnovates.com/demo5/wp-content/plugins/contact-form-7/includes/css/stylesbb49.html]
[avo.smartinnovates.com/demo5/wp-content/plugins/contact-form-7/includes/js/scriptsbb49.html]
[avo.smartinnovates.com/demo5/wp-content/themes/img/exp.html]
